// Jest Snapshot v1, https://goo.gl/fbAQLP

exports[`should render LoginPage correctly 1`] = `
<div>
  <h1>
    Login page
  </h1>
  <input
    autoFocus={true}
    placeholder="login"
    type="text"
  />
  <input
    placeholder="password"
    type="text"
  />
  <button
    onClick={[Function]}
  >
    Login
  </button>
</div>
`;
